// Jest Snapshot v1, https://goo.gl/fbAQLP

exports[`LoginForm render item with data 1`] = `
<LoginForm>
  <WithStyles(ForwardRef(Container))
    component="main"
    maxWidth="xs"
  >
    <ForwardRef(Container)
      classes={
        Object {
          "disableGutters": "MuiContainer-disableGutters",
          "fixed": "MuiContainer-fixed",
          "maxWidthLg": "MuiContainer-maxWidthLg",
          "maxWidthMd": "MuiContainer-maxWidthMd",
          "maxWidthSm": "MuiContainer-maxWidthSm",
          "maxWidthXl": "MuiContainer-maxWidthXl",
          "maxWidthXs": "MuiContainer-maxWidthXs",
          "root": "MuiContainer-root",
        }
      }
      component="main"
      maxWidth="xs"
    >
      <main
        className="MuiContainer-root MuiContainer-maxWidthXs"
      >
        <WithStyles(CssBaseline)>
          <CssBaseline
            classes={Object {}}
          />
        </WithStyles(CssBaseline)>
        <div
          className="makeStyles-paper-1"
        >
          <WithStyles(ForwardRef(Typography))
            component="h1"
            variant="h5"
          >
            <ForwardRef(Typography)
              classes={
                Object {
                  "alignCenter": "MuiTypography-alignCenter",
                  "alignJustify": "MuiTypography-alignJustify",
                  "alignLeft": "MuiTypography-alignLeft",
                  "alignRight": "MuiTypography-alignRight",
                  "body1": "MuiTypography-body1",
                  "body2": "MuiTypography-body2",
                  "button": "MuiTypography-button",
                  "caption": "MuiTypography-caption",
                  "colorError": "MuiTypography-colorError",
                  "colorInherit": "MuiTypography-colorInherit",
                  "colorPrimary": "MuiTypography-colorPrimary",
                  "colorSecondary": "MuiTypography-colorSecondary",
                  "colorTextPrimary": "MuiTypography-colorTextPrimary",
                  "colorTextSecondary": "MuiTypography-colorTextSecondary",
                  "displayBlock": "MuiTypography-displayBlock",
                  "displayInline": "MuiTypography-displayInline",
                  "gutterBottom": "MuiTypography-gutterBottom",
                  "h1": "MuiTypography-h1",
                  "h2": "MuiTypography-h2",
                  "h3": "MuiTypography-h3",
                  "h4": "MuiTypography-h4",
                  "h5": "MuiTypography-h5",
                  "h6": "MuiTypography-h6",
                  "noWrap": "MuiTypography-noWrap",
                  "overline": "MuiTypography-overline",
                  "paragraph": "MuiTypography-paragraph",
                  "root": "MuiTypography-root",
                  "srOnly": "MuiTypography-srOnly",
                  "subtitle1": "MuiTypography-subtitle1",
                  "subtitle2": "MuiTypography-subtitle2",
                }
              }
              component="h1"
              variant="h5"
            >
              <h1
                className="MuiTypography-root MuiTypography-h5"
              >
                Sign in
              </h1>
            </ForwardRef(Typography)>
          </WithStyles(ForwardRef(Typography))>
          <form
            className="makeStyles-form-2"
            noValidate={true}
            onSubmit={[Function]}
          >
            <WithStyles(ForwardRef(TextField))
              autoComplete="email"
              autoFocus={true}
              fullWidth={true}
              id="username"
              label="Username"
              margin="normal"
              name="username"
              onChange={[Function]}
              required={true}
              value=""
              variant="outlined"
            >
              <ForwardRef(TextField)
                autoComplete="email"
                autoFocus={true}
                classes={
                  Object {
                    "root": "MuiTextField-root",
                  }
                }
                fullWidth={true}
                id="username"
                label="Username"
                margin="normal"
                name="username"
                onChange={[Function]}
                required={true}
                value=""
                variant="outlined"
              >
                <WithStyles(ForwardRef(FormControl))
                  className="MuiTextField-root"
                  color="primary"
                  disabled={false}
                  error={false}
                  fullWidth={true}
                  margin="normal"
                  required={true}
                  variant="outlined"
                >
                  <ForwardRef(FormControl)
                    className="MuiTextField-root"
                    classes={
                      Object {
                        "fullWidth": "MuiFormControl-fullWidth",
                        "marginDense": "MuiFormControl-marginDense",
                        "marginNormal": "MuiFormControl-marginNormal",
                        "root": "MuiFormControl-root",
                      }
                    }
                    color="primary"
                    disabled={false}
                    error={false}
                    fullWidth={true}
                    margin="normal"
                    required={true}
                    variant="outlined"
                  >
                    <div
                      className="MuiFormControl-root MuiTextField-root MuiFormControl-marginNormal MuiFormControl-fullWidth"
                    >
                      <WithStyles(ForwardRef(InputLabel))
                        htmlFor="username"
                        id="username-label"
                      >
                        <ForwardRef(InputLabel)
                          classes={
                            Object {
                              "animated": "MuiInputLabel-animated",
                              "asterisk": "MuiInputLabel-asterisk",
                              "disabled": "Mui-disabled",
                              "error": "Mui-error",
                              "filled": "MuiInputLabel-filled",
                              "focused": "Mui-focused",
                              "formControl": "MuiInputLabel-formControl",
                              "marginDense": "MuiInputLabel-marginDense",
                              "outlined": "MuiInputLabel-outlined",
                              "required": "Mui-required",
                              "root": "MuiInputLabel-root",
                              "shrink": "MuiInputLabel-shrink",
                            }
                          }
                          htmlFor="username"
                          id="username-label"
                        >
                          <WithStyles(ForwardRef(FormLabel))
                            className="MuiInputLabel-root MuiInputLabel-formControl MuiInputLabel-animated MuiInputLabel-outlined"
                            classes={
                              Object {
                                "asterisk": "MuiInputLabel-asterisk",
                                "disabled": "Mui-disabled",
                                "error": "Mui-error",
                                "focused": "Mui-focused",
                                "required": "Mui-required",
                              }
                            }
                            data-shrink={false}
                            htmlFor="username"
                            id="username-label"
                          >
                            <ForwardRef(FormLabel)
                              className="MuiInputLabel-root MuiInputLabel-formControl MuiInputLabel-animated MuiInputLabel-outlined"
                              classes={
                                Object {
                                  "asterisk": "MuiFormLabel-asterisk MuiInputLabel-asterisk",
                                  "colorSecondary": "MuiFormLabel-colorSecondary",
                                  "disabled": "Mui-disabled Mui-disabled",
                                  "error": "Mui-error Mui-error",
                                  "filled": "MuiFormLabel-filled",
                                  "focused": "Mui-focused Mui-focused",
                                  "required": "Mui-required Mui-required",
                                  "root": "MuiFormLabel-root",
                                }
                              }
                              data-shrink={false}
                              htmlFor="username"
                              id="username-label"
                            >
                              <label
                                className="MuiFormLabel-root MuiInputLabel-root MuiInputLabel-formControl MuiInputLabel-animated MuiInputLabel-outlined Mui-required Mui-required"
                                data-shrink={false}
                                htmlFor="username"
                                id="username-label"
                              >
                                Username
                                <span
                                  aria-hidden={true}
                                  className="MuiFormLabel-asterisk MuiInputLabel-asterisk"
                                >
                                  â€‰
                                  *
                                </span>
                              </label>
                            </ForwardRef(FormLabel)>
                          </WithStyles(ForwardRef(FormLabel))>
                        </ForwardRef(InputLabel)>
                      </WithStyles(ForwardRef(InputLabel))>
                      <WithStyles(ForwardRef(OutlinedInput))
                        autoComplete="email"
                        autoFocus={true}
                        fullWidth={true}
                        id="username"
                        label={
                          <React.Fragment>
                            Username
                            Â *
                          </React.Fragment>
                        }
                        multiline={false}
                        name="username"
                        onChange={[Function]}
                        value=""
                      >
                        <ForwardRef(OutlinedInput)
                          autoComplete="email"
                          autoFocus={true}
                          classes={
                            Object {
                              "adornedEnd": "MuiOutlinedInput-adornedEnd",
                              "adornedStart": "MuiOutlinedInput-adornedStart",
                              "colorSecondary": "MuiOutlinedInput-colorSecondary",
                              "disabled": "Mui-disabled",
                              "error": "Mui-error",
                              "focused": "Mui-focused",
                              "input": "MuiOutlinedInput-input",
                              "inputAdornedEnd": "MuiOutlinedInput-inputAdornedEnd",
                              "inputAdornedStart": "MuiOutlinedInput-inputAdornedStart",
                              "inputMarginDense": "MuiOutlinedInput-inputMarginDense",
                              "inputMultiline": "MuiOutlinedInput-inputMultiline",
                              "marginDense": "MuiOutlinedInput-marginDense",
                              "multiline": "MuiOutlinedInput-multiline",
                              "notchedOutline": "MuiOutlinedInput-notchedOutline",
                              "root": "MuiOutlinedInput-root",
                            }
                          }
                          fullWidth={true}
                          id="username"
                          label={
                            <React.Fragment>
                              Username
                              Â *
                            </React.Fragment>
                          }
                          multiline={false}
                          name="username"
                          onChange={[Function]}
                          value=""
                        >
                          <WithStyles(ForwardRef(InputBase))
                            autoComplete="email"
                            autoFocus={true}
                            classes={
                              Object {
                                "adornedEnd": "MuiOutlinedInput-adornedEnd",
                                "adornedStart": "MuiOutlinedInput-adornedStart",
                                "colorSecondary": "MuiOutlinedInput-colorSecondary",
                                "disabled": "Mui-disabled",
                                "error": "Mui-error",
                                "focused": "Mui-focused",
                                "input": "MuiOutlinedInput-input",
                                "inputAdornedEnd": "MuiOutlinedInput-inputAdornedEnd",
                                "inputAdornedStart": "MuiOutlinedInput-inputAdornedStart",
                                "inputMarginDense": "MuiOutlinedInput-inputMarginDense",
                                "inputMultiline": "MuiOutlinedInput-inputMultiline",
                                "marginDense": "MuiOutlinedInput-marginDense",
                                "multiline": "MuiOutlinedInput-multiline",
                                "notchedOutline": null,
                                "root": "MuiOutlinedInput-root",
                              }
                            }
                            fullWidth={true}
                            id="username"
                            inputComponent="input"
                            multiline={false}
                            name="username"
                            onChange={[Function]}
                            renderSuffix={[Function]}
                            type="text"
                            value=""
                          >
                            <ForwardRef(InputBase)
                              autoComplete="email"
                              autoFocus={true}
                              classes={
                                Object {
                                  "adornedEnd": "MuiInputBase-adornedEnd MuiOutlinedInput-adornedEnd",
                                  "adornedStart": "MuiInputBase-adornedStart MuiOutlinedInput-adornedStart",
                                  "colorSecondary": "MuiInputBase-colorSecondary MuiOutlinedInput-colorSecondary",
                                  "disabled": "Mui-disabled Mui-disabled",
                                  "error": "Mui-error Mui-error",
                                  "focused": "Mui-focused Mui-focused",
                                  "formControl": "MuiInputBase-formControl",
                                  "fullWidth": "MuiInputBase-fullWidth",
                                  "input": "MuiInputBase-input MuiOutlinedInput-input",
                                  "inputAdornedEnd": "MuiInputBase-inputAdornedEnd MuiOutlinedInput-inputAdornedEnd",
                                  "inputAdornedStart": "MuiInputBase-inputAdornedStart MuiOutlinedInput-inputAdornedStart",
                                  "inputHiddenLabel": "MuiInputBase-inputHiddenLabel",
                                  "inputMarginDense": "MuiInputBase-inputMarginDense MuiOutlinedInput-inputMarginDense",
                                  "inputMultiline": "MuiInputBase-inputMultiline MuiOutlinedInput-inputMultiline",
                                  "inputTypeSearch": "MuiInputBase-inputTypeSearch",
                                  "marginDense": "MuiInputBase-marginDense MuiOutlinedInput-marginDense",
                                  "multiline": "MuiInputBase-multiline MuiOutlinedInput-multiline",
                                  "root": "MuiInputBase-root MuiOutlinedInput-root",
                                }
                              }
                              fullWidth={true}
                              id="username"
                              inputComponent="input"
                              multiline={false}
                              name="username"
                              onChange={[Function]}
                              renderSuffix={[Function]}
                              type="text"
                              value=""
                            >
                              <div
                                className="MuiInputBase-root MuiOutlinedInput-root MuiInputBase-fullWidth MuiInputBase-formControl"
                                onClick={[Function]}
                              >
                                <input
                                  aria-invalid={false}
                                  autoComplete="email"
                                  autoFocus={true}
                                  className="MuiInputBase-input MuiOutlinedInput-input"
                                  disabled={false}
                                  id="username"
                                  name="username"
                                  onAnimationStart={[Function]}
                                  onBlur={[Function]}
                                  onChange={[Function]}
                                  onFocus={[Function]}
                                  required={true}
                                  type="text"
                                  value=""
                                />
                                <WithStyles(ForwardRef(NotchedOutline))
                                  className="MuiOutlinedInput-notchedOutline"
                                  label={
                                    <React.Fragment>
                                      Username
                                      Â *
                                    </React.Fragment>
                                  }
                                  labelWidth={0}
                                  notched={false}
                                >
                                  <ForwardRef(NotchedOutline)
                                    className="MuiOutlinedInput-notchedOutline"
                                    classes={
                                      Object {
                                        "legend": "PrivateNotchedOutline-legend-5",
                                        "legendLabelled": "PrivateNotchedOutline-legendLabelled-6",
                                        "legendNotched": "PrivateNotchedOutline-legendNotched-7",
                                        "root": "PrivateNotchedOutline-root-4",
                                      }
                                    }
                                    label={
                                      <React.Fragment>
                                        Username
                                        Â *
                                      </React.Fragment>
                                    }
                                    labelWidth={0}
                                    notched={false}
                                  >
                                    <fieldset
                                      aria-hidden={true}
                                      className="PrivateNotchedOutline-root-4 MuiOutlinedInput-notchedOutline"
                                    >
                                      <legend
                                        className="PrivateNotchedOutline-legendLabelled-6"
                                      >
                                        <span>
                                          Username
                                          Â *
                                        </span>
                                      </legend>
                                    </fieldset>
                                  </ForwardRef(NotchedOutline)>
                                </WithStyles(ForwardRef(NotchedOutline))>
                              </div>
                            </ForwardRef(InputBase)>
                          </WithStyles(ForwardRef(InputBase))>
                        </ForwardRef(OutlinedInput)>
                      </WithStyles(ForwardRef(OutlinedInput))>
                    </div>
                  </ForwardRef(FormControl)>
                </WithStyles(ForwardRef(FormControl))>
              </ForwardRef(TextField)>
            </WithStyles(ForwardRef(TextField))>
            <WithStyles(ForwardRef(Button))
              className="makeStyles-submit-3"
              color="primary"
              fullWidth={true}
              type="submit"
              variant="contained"
            >
              <ForwardRef(Button)
                className="makeStyles-submit-3"
                classes={
                  Object {
                    "colorInherit": "MuiButton-colorInherit",
                    "contained": "MuiButton-contained",
                    "containedPrimary": "MuiButton-containedPrimary",
                    "containedSecondary": "MuiButton-containedSecondary",
                    "containedSizeLarge": "MuiButton-containedSizeLarge",
                    "containedSizeSmall": "MuiButton-containedSizeSmall",
                    "disableElevation": "MuiButton-disableElevation",
                    "disabled": "Mui-disabled",
                    "endIcon": "MuiButton-endIcon",
                    "focusVisible": "Mui-focusVisible",
                    "fullWidth": "MuiButton-fullWidth",
                    "iconSizeLarge": "MuiButton-iconSizeLarge",
                    "iconSizeMedium": "MuiButton-iconSizeMedium",
                    "iconSizeSmall": "MuiButton-iconSizeSmall",
                    "label": "MuiButton-label",
                    "outlined": "MuiButton-outlined",
                    "outlinedPrimary": "MuiButton-outlinedPrimary",
                    "outlinedSecondary": "MuiButton-outlinedSecondary",
                    "outlinedSizeLarge": "MuiButton-outlinedSizeLarge",
                    "outlinedSizeSmall": "MuiButton-outlinedSizeSmall",
                    "root": "MuiButton-root",
                    "sizeLarge": "MuiButton-sizeLarge",
                    "sizeSmall": "MuiButton-sizeSmall",
                    "startIcon": "MuiButton-startIcon",
                    "text": "MuiButton-text",
                    "textPrimary": "MuiButton-textPrimary",
                    "textSecondary": "MuiButton-textSecondary",
                    "textSizeLarge": "MuiButton-textSizeLarge",
                    "textSizeSmall": "MuiButton-textSizeSmall",
                  }
                }
                color="primary"
                fullWidth={true}
                type="submit"
                variant="contained"
              >
                <WithStyles(ForwardRef(ButtonBase))
                  className="MuiButton-root MuiButton-contained makeStyles-submit-3 MuiButton-containedPrimary MuiButton-fullWidth"
                  component="button"
                  disabled={false}
                  focusRipple={true}
                  focusVisibleClassName="Mui-focusVisible"
                  type="submit"
                >
                  <ForwardRef(ButtonBase)
                    className="MuiButton-root MuiButton-contained makeStyles-submit-3 MuiButton-containedPrimary MuiButton-fullWidth"
                    classes={
                      Object {
                        "disabled": "Mui-disabled",
                        "focusVisible": "Mui-focusVisible",
                        "root": "MuiButtonBase-root",
                      }
                    }
                    component="button"
                    disabled={false}
                    focusRipple={true}
                    focusVisibleClassName="Mui-focusVisible"
                    type="submit"
                  >
                    <button
                      className="MuiButtonBase-root MuiButton-root MuiButton-contained makeStyles-submit-3 MuiButton-containedPrimary MuiButton-fullWidth"
                      disabled={false}
                      onBlur={[Function]}
                      onDragLeave={[Function]}
                      onFocus={[Function]}
                      onKeyDown={[Function]}
                      onKeyUp={[Function]}
                      onMouseDown={[Function]}
                      onMouseLeave={[Function]}
                      onMouseUp={[Function]}
                      onTouchEnd={[Function]}
                      onTouchMove={[Function]}
                      onTouchStart={[Function]}
                      tabIndex={0}
                      type="submit"
                    >
                      <span
                        className="MuiButton-label"
                      >
                        Sign In
                      </span>
                      <WithStyles(memo)
                        center={false}
                      >
                        <ForwardRef(TouchRipple)
                          center={false}
                          classes={
                            Object {
                              "child": "MuiTouchRipple-child",
                              "childLeaving": "MuiTouchRipple-childLeaving",
                              "childPulsate": "MuiTouchRipple-childPulsate",
                              "ripple": "MuiTouchRipple-ripple",
                              "ripplePulsate": "MuiTouchRipple-ripplePulsate",
                              "rippleVisible": "MuiTouchRipple-rippleVisible",
                              "root": "MuiTouchRipple-root",
                            }
                          }
                        >
                          <span
                            className="MuiTouchRipple-root"
                          >
                            <TransitionGroup
                              childFactory={[Function]}
                              component={null}
                              exit={true}
                            />
                          </span>
                        </ForwardRef(TouchRipple)>
                      </WithStyles(memo)>
                    </button>
                  </ForwardRef(ButtonBase)>
                </WithStyles(ForwardRef(ButtonBase))>
              </ForwardRef(Button)>
            </WithStyles(ForwardRef(Button))>
          </form>
        </div>
      </main>
    </ForwardRef(Container)>
  </WithStyles(ForwardRef(Container))>
</LoginForm>
`;
