// Jest Snapshot v1, https://goo.gl/fbAQLP

exports[`OrderSelect render item with data 1`] = `
<Styled(div)>
  <WithStyles(ForwardRef(FormControl))
    size="small"
    variant="standard"
  >
    <WithStyles(ForwardRef(InputLabel))
      id="labelId"
    >
      Сортировка
    </WithStyles(ForwardRef(InputLabel))>
    <WithStyles(ForwardRef(Select))
      className="order-select"
      labelId="labelId"
      onChange={[Function]}
      value="ASC"
    >
      <WithStyles(ForwardRef(MenuItem))
        key="1"
        value="ASC"
      >
        По возрастанию
      </WithStyles(ForwardRef(MenuItem))>
      <WithStyles(ForwardRef(MenuItem))
        key="2"
        value="DESC"
      >
        По убыванию
      </WithStyles(ForwardRef(MenuItem))>
      <WithStyles(ForwardRef(MenuItem))
        key="3"
        value="IMPORTANT"
      >
        Важные
      </WithStyles(ForwardRef(MenuItem))>
    </WithStyles(ForwardRef(Select))>
  </WithStyles(ForwardRef(FormControl))>
</Styled(div)>
`;
