// Jest Snapshot v1, https://goo.gl/fbAQLP

exports[`AddItemForm render item with data 1`] = `ReactWrapper {}`;
